2741280
3007680
1503840
1916160
1972800
728640
1821600
621440
