18827363
93291123
549166310
727345493
212460686
835043567
382235992
234331494
126083178
340949995
361327462
549134620
481914498
34075195
89718312
945811332
898724999
944812555
123616792
779724718
995912550
188150326
361531843
801483934
