890467395
623743197
432365684
555543126
145580696
550546744
959254454
836036617
945090197
106843161
866547396
