(123456789+12345678901234567890+0+00+000+0123456789)
