2.69258240356725201564
2.23606797749978969641
1.80277563773199464656
1.41421356237309504876
1.03527618041008324327
